{
	"title": "Children sing to celebrate Nelson Mandela's birthday",
	"text": "Children in South Africa have been marking Nelson Mandela's 95th birthday with celebrations and song.\n\nMr Mandela is in hospital in Pretoria, where he is in a critical but stable condition with a recurring lung infection.\n\nSouth Africans are being urged to mark the former president and anti-apartheid leader's 67 years of public service with 67 minutes of charitable acts.\n\nPresident Jacob Zuma said his health was \"steadily improving\".",
  "image": "http://news.bbcimg.co.uk/media/images/68798000/jpg/_68798955_68798954.jpg"
}
